<<<<<<< HEAD
f(test, 13) = 0

Execution Time: 0.17912
=======
1000 1000
0 0 5 5
11 11 16 16
22 22 27 27
33 33 38 38
44 44 49 49
55 55 60 60
66 66 71 71
77 77 82 82
88 88 93 93
99 99 104 104
110 110 115 115
121 121 126 126
132 132 137 137
143 143 148 148
154 154 159 159
165 165 170 170
176 176 181 181
187 187 192 192
198 198 203 203
209 209 214 214
220 220 225 225
231 231 236 236
242 242 247 247
253 253 258 258
264 264 269 269
275 275 280 280
286 286 291 291
297 297 302 302
308 308 313 313
319 319 324 324
330 330 335 335
341 341 346 346
352 352 357 357
363 363 368 368
374 374 379 379
385 385 390 390
396 396 401 401
407 407 412 412
418 418 423 423
429 429 434 434
440 440 445 445
451 451 456 456
462 462 467 467
473 473 478 478
484 484 489 489
495 495 500 500
506 506 511 511
517 517 522 522
528 528 533 533
539 539 544 544
550 550 555 555
561 561 566 566
572 572 577 577
583 583 588 588
594 594 599 599
605 605 610 610
616 616 621 621
627 627 632 632
638 638 643 643
649 649 654 654
660 660 665 665
671 671 676 676
682 682 687 687
693 693 698 698
704 704 709 709
715 715 720 720
726 726 731 731
737 737 742 742
748 748 753 753
759 759 764 764
770 770 775 775
781 781 786 786
792 792 797 797
803 803 808 808
814 814 819 819
825 825 830 830
836 836 841 841
847 847 852 852
858 858 863 863
869 869 874 874
880 880 885 885
891 891 896 896
902 902 907 907
913 913 918 918
924 924 929 929
935 935 940 940
946 946 951 951
957 957 962 962
968 968 973 973
979 979 984 984
990 990 995 995
1001 1001 1006 1006
1012 1012 1017 1017
1023 1023 1028 1028
1034 1034 1039 1039
1045 1045 1050 1050
1056 1056 1061 1061
1067 1067 1072 1072
1078 1078 1083 1083
1089 1089 1094 1094
1100 1100 1105 1105
1111 1111 1116 1116
1122 1122 1127 1127
1133 1133 1138 1138
1144 1144 1149 1149
1155 1155 1160 1160
1166 1166 1171 1171
1177 1177 1182 1182
1188 1188 1193 1193
1199 1199 1204 1204
1210 1210 1215 1215
1221 1221 1226 1226
1232 1232 1237 1237
1243 1243 1248 1248
1254 1254 1259 1259
1265 1265 1270 1270
1276 1276 1281 1281
1287 1287 1292 1292
1298 1298 1303 1303
1309 1309 1314 1314
1320 1320 1325 1325
1331 1331 1336 1336
1342 1342 1347 1347
1353 1353 1358 1358
1364 1364 1369 1369
1375 1375 1380 1380
1386 1386 1391 1391
1397 1397 1402 1402
1408 1408 1413 1413
1419 1419 1424 1424
1430 1430 1435 1435
1441 1441 1446 1446
1452 1452 1457 1457
1463 1463 1468 1468
1474 1474 1479 1479
1485 1485 1490 1490
1496 1496 1501 1501
1507 1507 1512 1512
1518 1518 1523 1523
1529 1529 1534 1534
1540 1540 1545 1545
1551 1551 1556 1556
1562 1562 1567 1567
1573 1573 1578 1578
1584 1584 1589 1589
1595 1595 1600 1600
1606 1606 1611 1611
1617 1617 1622 1622
1628 1628 1633 1633
1639 1639 1644 1644
1650 1650 1655 1655
1661 1661 1666 1666
1672 1672 1677 1677
1683 1683 1688 1688
1694 1694 1699 1699
1705 1705 1710 1710
1716 1716 1721 1721
1727 1727 1732 1732
1738 1738 1743 1743
1749 1749 1754 1754
1760 1760 1765 1765
1771 1771 1776 1776
1782 1782 1787 1787
1793 1793 1798 1798
1804 1804 1809 1809
1815 1815 1820 1820
1826 1826 1831 1831
1837 1837 1842 1842
1848 1848 1853 1853
1859 1859 1864 1864
1870 1870 1875 1875
1881 1881 1886 1886
1892 1892 1897 1897
1903 1903 1908 1908
1914 1914 1919 1919
1925 1925 1930 1930
1936 1936 1941 1941
1947 1947 1952 1952
1958 1958 1963 1963
1969 1969 1974 1974
1980 1980 1985 1985
1991 1991 1996 1996
2002 2002 2007 2007
2013 2013 2018 2018
2024 2024 2029 2029
2035 2035 2040 2040
2046 2046 2051 2051
2057 2057 2062 2062
2068 2068 2073 2073
2079 2079 2084 2084
2090 2090 2095 2095
2101 2101 2106 2106
2112 2112 2117 2117
2123 2123 2128 2128
2134 2134 2139 2139
2145 2145 2150 2150
2156 2156 2161 2161
2167 2167 2172 2172
2178 2178 2183 2183
2189 2189 2194 2194
2200 2200 2205 2205
2211 2211 2216 2216
2222 2222 2227 2227
2233 2233 2238 2238
2244 2244 2249 2249
2255 2255 2260 2260
2266 2266 2271 2271
2277 2277 2282 2282
2288 2288 2293 2293
2299 2299 2304 2304
2310 2310 2315 2315
2321 2321 2326 2326
2332 2332 2337 2337
2343 2343 2348 2348
2354 2354 2359 2359
2365 2365 2370 2370
2376 2376 2381 2381
2387 2387 2392 2392
2398 2398 2403 2403
2409 2409 2414 2414
2420 2420 2425 2425
2431 2431 2436 2436
2442 2442 2447 2447
2453 2453 2458 2458
2464 2464 2469 2469
2475 2475 2480 2480
2486 2486 2491 2491
2497 2497 2502 2502
2508 2508 2513 2513
2519 2519 2524 2524
2530 2530 2535 2535
2541 2541 2546 2546
2552 2552 2557 2557
2563 2563 2568 2568
2574 2574 2579 2579
2585 2585 2590 2590
2596 2596 2601 2601
2607 2607 2612 2612
2618 2618 2623 2623
2629 2629 2634 2634
2640 2640 2645 2645
2651 2651 2656 2656
2662 2662 2667 2667
2673 2673 2678 2678
2684 2684 2689 2689
2695 2695 2700 2700
2706 2706 2711 2711
2717 2717 2722 2722
2728 2728 2733 2733
2739 2739 2744 2744
2750 2750 2755 2755
2761 2761 2766 2766
2772 2772 2777 2777
2783 2783 2788 2788
2794 2794 2799 2799
2805 2805 2810 2810
2816 2816 2821 2821
2827 2827 2832 2832
2838 2838 2843 2843
2849 2849 2854 2854
2860 2860 2865 2865
2871 2871 2876 2876
2882 2882 2887 2887
2893 2893 2898 2898
2904 2904 2909 2909
2915 2915 2920 2920
2926 2926 2931 2931
2937 2937 2942 2942
2948 2948 2953 2953
2959 2959 2964 2964
2970 2970 2975 2975
2981 2981 2986 2986
2992 2992 2997 2997
3003 3003 3008 3008
3014 3014 3019 3019
3025 3025 3030 3030
3036 3036 3041 3041
3047 3047 3052 3052
3058 3058 3063 3063
3069 3069 3074 3074
3080 3080 3085 3085
3091 3091 3096 3096
3102 3102 3107 3107
3113 3113 3118 3118
3124 3124 3129 3129
3135 3135 3140 3140
3146 3146 3151 3151
3157 3157 3162 3162
3168 3168 3173 3173
3179 3179 3184 3184
3190 3190 3195 3195
3201 3201 3206 3206
3212 3212 3217 3217
3223 3223 3228 3228
3234 3234 3239 3239
3245 3245 3250 3250
3256 3256 3261 3261
3267 3267 3272 3272
3278 3278 3283 3283
3289 3289 3294 3294
3300 3300 3305 3305
3311 3311 3316 3316
3322 3322 3327 3327
3333 3333 3338 3338
3344 3344 3349 3349
3355 3355 3360 3360
3366 3366 3371 3371
3377 3377 3382 3382
3388 3388 3393 3393
3399 3399 3404 3404
3410 3410 3415 3415
3421 3421 3426 3426
3432 3432 3437 3437
3443 3443 3448 3448
3454 3454 3459 3459
3465 3465 3470 3470
3476 3476 3481 3481
3487 3487 3492 3492
3498 3498 3503 3503
3509 3509 3514 3514
3520 3520 3525 3525
3531 3531 3536 3536
3542 3542 3547 3547
3553 3553 3558 3558
3564 3564 3569 3569
3575 3575 3580 3580
3586 3586 3591 3591
3597 3597 3602 3602
3608 3608 3613 3613
3619 3619 3624 3624
3630 3630 3635 3635
3641 3641 3646 3646
3652 3652 3657 3657
3663 3663 3668 3668
3674 3674 3679 3679
3685 3685 3690 3690
3696 3696 3701 3701
3707 3707 3712 3712
3718 3718 3723 3723
3729 3729 3734 3734
3740 3740 3745 3745
3751 3751 3756 3756
3762 3762 3767 3767
3773 3773 3778 3778
3784 3784 3789 3789
3795 3795 3800 3800
3806 3806 3811 3811
3817 3817 3822 3822
3828 3828 3833 3833
3839 3839 3844 3844
3850 3850 3855 3855
3861 3861 3866 3866
3872 3872 3877 3877
3883 3883 3888 3888
3894 3894 3899 3899
3905 3905 3910 3910
3916 3916 3921 3921
3927 3927 3932 3932
3938 3938 3943 3943
3949 3949 3954 3954
3960 3960 3965 3965
3971 3971 3976 3976
3982 3982 3987 3987
3993 3993 3998 3998
4004 4004 4009 4009
4015 4015 4020 4020
4026 4026 4031 4031
4037 4037 4042 4042
4048 4048 4053 4053
4059 4059 4064 4064
4070 4070 4075 4075
4081 4081 4086 4086
4092 4092 4097 4097
4103 4103 4108 4108
4114 4114 4119 4119
4125 4125 4130 4130
4136 4136 4141 4141
4147 4147 4152 4152
4158 4158 4163 4163
4169 4169 4174 4174
4180 4180 4185 4185
4191 4191 4196 4196
4202 4202 4207 4207
4213 4213 4218 4218
4224 4224 4229 4229
4235 4235 4240 4240
4246 4246 4251 4251
4257 4257 4262 4262
4268 4268 4273 4273
4279 4279 4284 4284
4290 4290 4295 4295
4301 4301 4306 4306
4312 4312 4317 4317
4323 4323 4328 4328
4334 4334 4339 4339
4345 4345 4350 4350
4356 4356 4361 4361
4367 4367 4372 4372
4378 4378 4383 4383
4389 4389 4394 4394
4400 4400 4405 4405
4411 4411 4416 4416
4422 4422 4427 4427
4433 4433 4438 4438
4444 4444 4449 4449
4455 4455 4460 4460
4466 4466 4471 4471
4477 4477 4482 4482
4488 4488 4493 4493
4499 4499 4504 4504
4510 4510 4515 4515
4521 4521 4526 4526
4532 4532 4537 4537
4543 4543 4548 4548
4554 4554 4559 4559
4565 4565 4570 4570
4576 4576 4581 4581
4587 4587 4592 4592
4598 4598 4603 4603
4609 4609 4614 4614
4620 4620 4625 4625
4631 4631 4636 4636
4642 4642 4647 4647
4653 4653 4658 4658
4664 4664 4669 4669
4675 4675 4680 4680
4686 4686 4691 4691
4697 4697 4702 4702
4708 4708 4713 4713
4719 4719 4724 4724
4730 4730 4735 4735
4741 4741 4746 4746
4752 4752 4757 4757
4763 4763 4768 4768
4774 4774 4779 4779
4785 4785 4790 4790
4796 4796 4801 4801
4807 4807 4812 4812
4818 4818 4823 4823
4829 4829 4834 4834
4840 4840 4845 4845
4851 4851 4856 4856
4862 4862 4867 4867
4873 4873 4878 4878
4884 4884 4889 4889
4895 4895 4900 4900
4906 4906 4911 4911
4917 4917 4922 4922
4928 4928 4933 4933
4939 4939 4944 4944
4950 4950 4955 4955
4961 4961 4966 4966
4972 4972 4977 4977
4983 4983 4988 4988
4994 4994 4999 4999
5005 5005 5010 5010
5016 5016 5021 5021
5027 5027 5032 5032
5038 5038 5043 5043
5049 5049 5054 5054
5060 5060 5065 5065
5071 5071 5076 5076
5082 5082 5087 5087
5093 5093 5098 5098
5104 5104 5109 5109
5115 5115 5120 5120
5126 5126 5131 5131
5137 5137 5142 5142
5148 5148 5153 5153
5159 5159 5164 5164
5170 5170 5175 5175
5181 5181 5186 5186
5192 5192 5197 5197
5203 5203 5208 5208
5214 5214 5219 5219
5225 5225 5230 5230
5236 5236 5241 5241
5247 5247 5252 5252
5258 5258 5263 5263
5269 5269 5274 5274
5280 5280 5285 5285
5291 5291 5296 5296
5302 5302 5307 5307
5313 5313 5318 5318
5324 5324 5329 5329
5335 5335 5340 5340
5346 5346 5351 5351
5357 5357 5362 5362
5368 5368 5373 5373
5379 5379 5384 5384
5390 5390 5395 5395
5401 5401 5406 5406
5412 5412 5417 5417
5423 5423 5428 5428
5434 5434 5439 5439
5445 5445 5450 5450
5456 5456 5461 5461
5467 5467 5472 5472
5478 5478 5483 5483
5489 5489 5494 5494
5500 5500 5505 5505
5511 5511 5516 5516
5522 5522 5527 5527
5533 5533 5538 5538
5544 5544 5549 5549
5555 5555 5560 5560
5566 5566 5571 5571
5577 5577 5582 5582
5588 5588 5593 5593
5599 5599 5604 5604
5610 5610 5615 5615
5621 5621 5626 5626
5632 5632 5637 5637
5643 5643 5648 5648
5654 5654 5659 5659
5665 5665 5670 5670
5676 5676 5681 5681
5687 5687 5692 5692
5698 5698 5703 5703
5709 5709 5714 5714
5720 5720 5725 5725
5731 5731 5736 5736
5742 5742 5747 5747
5753 5753 5758 5758
5764 5764 5769 5769
5775 5775 5780 5780
5786 5786 5791 5791
5797 5797 5802 5802
5808 5808 5813 5813
5819 5819 5824 5824
5830 5830 5835 5835
5841 5841 5846 5846
5852 5852 5857 5857
5863 5863 5868 5868
5874 5874 5879 5879
5885 5885 5890 5890
5896 5896 5901 5901
5907 5907 5912 5912
5918 5918 5923 5923
5929 5929 5934 5934
5940 5940 5945 5945
5951 5951 5956 5956
5962 5962 5967 5967
5973 5973 5978 5978
5984 5984 5989 5989
5995 5995 6000 6000
6006 6006 6011 6011
6017 6017 6022 6022
6028 6028 6033 6033
6039 6039 6044 6044
6050 6050 6055 6055
6061 6061 6066 6066
6072 6072 6077 6077
6083 6083 6088 6088
6094 6094 6099 6099
6105 6105 6110 6110
6116 6116 6121 6121
6127 6127 6132 6132
6138 6138 6143 6143
6149 6149 6154 6154
6160 6160 6165 6165
6171 6171 6176 6176
6182 6182 6187 6187
6193 6193 6198 6198
6204 6204 6209 6209
6215 6215 6220 6220
6226 6226 6231 6231
6237 6237 6242 6242
6248 6248 6253 6253
6259 6259 6264 6264
6270 6270 6275 6275
6281 6281 6286 6286
6292 6292 6297 6297
6303 6303 6308 6308
6314 6314 6319 6319
6325 6325 6330 6330
6336 6336 6341 6341
6347 6347 6352 6352
6358 6358 6363 6363
6369 6369 6374 6374
6380 6380 6385 6385
6391 6391 6396 6396
6402 6402 6407 6407
6413 6413 6418 6418
6424 6424 6429 6429
6435 6435 6440 6440
6446 6446 6451 6451
6457 6457 6462 6462
6468 6468 6473 6473
6479 6479 6484 6484
6490 6490 6495 6495
6501 6501 6506 6506
6512 6512 6517 6517
6523 6523 6528 6528
6534 6534 6539 6539
6545 6545 6550 6550
6556 6556 6561 6561
6567 6567 6572 6572
6578 6578 6583 6583
6589 6589 6594 6594
6600 6600 6605 6605
6611 6611 6616 6616
6622 6622 6627 6627
6633 6633 6638 6638
6644 6644 6649 6649
6655 6655 6660 6660
6666 6666 6671 6671
6677 6677 6682 6682
6688 6688 6693 6693
6699 6699 6704 6704
6710 6710 6715 6715
6721 6721 6726 6726
6732 6732 6737 6737
6743 6743 6748 6748
6754 6754 6759 6759
6765 6765 6770 6770
6776 6776 6781 6781
6787 6787 6792 6792
6798 6798 6803 6803
6809 6809 6814 6814
6820 6820 6825 6825
6831 6831 6836 6836
6842 6842 6847 6847
6853 6853 6858 6858
6864 6864 6869 6869
6875 6875 6880 6880
6886 6886 6891 6891
6897 6897 6902 6902
6908 6908 6913 6913
6919 6919 6924 6924
6930 6930 6935 6935
6941 6941 6946 6946
6952 6952 6957 6957
6963 6963 6968 6968
6974 6974 6979 6979
6985 6985 6990 6990
6996 6996 7001 7001
7007 7007 7012 7012
7018 7018 7023 7023
7029 7029 7034 7034
7040 7040 7045 7045
7051 7051 7056 7056
7062 7062 7067 7067
7073 7073 7078 7078
7084 7084 7089 7089
7095 7095 7100 7100
7106 7106 7111 7111
7117 7117 7122 7122
7128 7128 7133 7133
7139 7139 7144 7144
7150 7150 7155 7155
7161 7161 7166 7166
7172 7172 7177 7177
7183 7183 7188 7188
7194 7194 7199 7199
7205 7205 7210 7210
7216 7216 7221 7221
7227 7227 7232 7232
7238 7238 7243 7243
7249 7249 7254 7254
7260 7260 7265 7265
7271 7271 7276 7276
7282 7282 7287 7287
7293 7293 7298 7298
7304 7304 7309 7309
7315 7315 7320 7320
7326 7326 7331 7331
7337 7337 7342 7342
7348 7348 7353 7353
7359 7359 7364 7364
7370 7370 7375 7375
7381 7381 7386 7386
7392 7392 7397 7397
7403 7403 7408 7408
7414 7414 7419 7419
7425 7425 7430 7430
7436 7436 7441 7441
7447 7447 7452 7452
7458 7458 7463 7463
7469 7469 7474 7474
7480 7480 7485 7485
7491 7491 7496 7496
7502 7502 7507 7507
7513 7513 7518 7518
7524 7524 7529 7529
7535 7535 7540 7540
7546 7546 7551 7551
7557 7557 7562 7562
7568 7568 7573 7573
7579 7579 7584 7584
7590 7590 7595 7595
7601 7601 7606 7606
7612 7612 7617 7617
7623 7623 7628 7628
7634 7634 7639 7639
7645 7645 7650 7650
7656 7656 7661 7661
7667 7667 7672 7672
7678 7678 7683 7683
7689 7689 7694 7694
7700 7700 7705 7705
7711 7711 7716 7716
7722 7722 7727 7727
7733 7733 7738 7738
7744 7744 7749 7749
7755 7755 7760 7760
7766 7766 7771 7771
7777 7777 7782 7782
7788 7788 7793 7793
7799 7799 7804 7804
7810 7810 7815 7815
7821 7821 7826 7826
7832 7832 7837 7837
7843 7843 7848 7848
7854 7854 7859 7859
7865 7865 7870 7870
7876 7876 7881 7881
7887 7887 7892 7892
7898 7898 7903 7903
7909 7909 7914 7914
7920 7920 7925 7925
7931 7931 7936 7936
7942 7942 7947 7947
7953 7953 7958 7958
7964 7964 7969 7969
7975 7975 7980 7980
7986 7986 7991 7991
7997 7997 8002 8002
8008 8008 8013 8013
8019 8019 8024 8024
8030 8030 8035 8035
8041 8041 8046 8046
8052 8052 8057 8057
8063 8063 8068 8068
8074 8074 8079 8079
8085 8085 8090 8090
8096 8096 8101 8101
8107 8107 8112 8112
8118 8118 8123 8123
8129 8129 8134 8134
8140 8140 8145 8145
8151 8151 8156 8156
8162 8162 8167 8167
8173 8173 8178 8178
8184 8184 8189 8189
8195 8195 8200 8200
8206 8206 8211 8211
8217 8217 8222 8222
8228 8228 8233 8233
8239 8239 8244 8244
8250 8250 8255 8255
8261 8261 8266 8266
8272 8272 8277 8277
8283 8283 8288 8288
8294 8294 8299 8299
8305 8305 8310 8310
8316 8316 8321 8321
8327 8327 8332 8332
8338 8338 8343 8343
8349 8349 8354 8354
8360 8360 8365 8365
8371 8371 8376 8376
8382 8382 8387 8387
8393 8393 8398 8398
8404 8404 8409 8409
8415 8415 8420 8420
8426 8426 8431 8431
8437 8437 8442 8442
8448 8448 8453 8453
8459 8459 8464 8464
8470 8470 8475 8475
8481 8481 8486 8486
8492 8492 8497 8497
8503 8503 8508 8508
8514 8514 8519 8519
8525 8525 8530 8530
8536 8536 8541 8541
8547 8547 8552 8552
8558 8558 8563 8563
8569 8569 8574 8574
8580 8580 8585 8585
8591 8591 8596 8596
8602 8602 8607 8607
8613 8613 8618 8618
8624 8624 8629 8629
8635 8635 8640 8640
8646 8646 8651 8651
8657 8657 8662 8662
8668 8668 8673 8673
8679 8679 8684 8684
8690 8690 8695 8695
8701 8701 8706 8706
8712 8712 8717 8717
8723 8723 8728 8728
8734 8734 8739 8739
8745 8745 8750 8750
8756 8756 8761 8761
8767 8767 8772 8772
8778 8778 8783 8783
8789 8789 8794 8794
8800 8800 8805 8805
8811 8811 8816 8816
8822 8822 8827 8827
8833 8833 8838 8838
8844 8844 8849 8849
8855 8855 8860 8860
8866 8866 8871 8871
8877 8877 8882 8882
8888 8888 8893 8893
8899 8899 8904 8904
8910 8910 8915 8915
8921 8921 8926 8926
8932 8932 8937 8937
8943 8943 8948 8948
8954 8954 8959 8959
8965 8965 8970 8970
8976 8976 8981 8981
8987 8987 8992 8992
8998 8998 9003 9003
9009 9009 9014 9014
9020 9020 9025 9025
9031 9031 9036 9036
9042 9042 9047 9047
9053 9053 9058 9058
9064 9064 9069 9069
9075 9075 9080 9080
9086 9086 9091 9091
9097 9097 9102 9102
9108 9108 9113 9113
9119 9119 9124 9124
9130 9130 9135 9135
9141 9141 9146 9146
9152 9152 9157 9157
9163 9163 9168 9168
9174 9174 9179 9179
9185 9185 9190 9190
9196 9196 9201 9201
9207 9207 9212 9212
9218 9218 9223 9223
9229 9229 9234 9234
9240 9240 9245 9245
9251 9251 9256 9256
9262 9262 9267 9267
9273 9273 9278 9278
9284 9284 9289 9289
9295 9295 9300 9300
9306 9306 9311 9311
9317 9317 9322 9322
9328 9328 9333 9333
9339 9339 9344 9344
9350 9350 9355 9355
9361 9361 9366 9366
9372 9372 9377 9377
9383 9383 9388 9388
9394 9394 9399 9399
9405 9405 9410 9410
9416 9416 9421 9421
9427 9427 9432 9432
9438 9438 9443 9443
9449 9449 9454 9454
9460 9460 9465 9465
9471 9471 9476 9476
9482 9482 9487 9487
9493 9493 9498 9498
9504 9504 9509 9509
9515 9515 9520 9520
9526 9526 9531 9531
9537 9537 9542 9542
9548 9548 9553 9553
9559 9559 9564 9564
9570 9570 9575 9575
9581 9581 9586 9586
9592 9592 9597 9597
9603 9603 9608 9608
9614 9614 9619 9619
9625 9625 9630 9630
9636 9636 9641 9641
9647 9647 9652 9652
9658 9658 9663 9663
9669 9669 9674 9674
9680 9680 9685 9685
9691 9691 9696 9696
9702 9702 9707 9707
9713 9713 9718 9718
9724 9724 9729 9729
9735 9735 9740 9740
9746 9746 9751 9751
9757 9757 9762 9762
9768 9768 9773 9773
9779 9779 9784 9784
9790 9790 9795 9795
9801 9801 9806 9806
9812 9812 9817 9817
9823 9823 9828 9828
9834 9834 9839 9839
9845 9845 9850 9850
9856 9856 9861 9861
9867 9867 9872 9872
9878 9878 9883 9883
9889 9889 9894 9894
9900 9900 9905 9905
9911 9911 9916 9916
9922 9922 9927 9927
9933 9933 9938 9938
9944 9944 9949 9949
9955 9955 9960 9960
9966 9966 9971 9971
9977 9977 9982 9982
9988 9988 9993 9993
9999 9999 10004 10004
10010 10010 10015 10015
10021 10021 10026 10026
10032 10032 10037 10037
10043 10043 10048 10048
10054 10054 10059 10059
10065 10065 10070 10070
10076 10076 10081 10081
10087 10087 10092 10092
10098 10098 10103 10103
10109 10109 10114 10114
10120 10120 10125 10125
10131 10131 10136 10136
10142 10142 10147 10147
10153 10153 10158 10158
10164 10164 10169 10169
10175 10175 10180 10180
10186 10186 10191 10191
10197 10197 10202 10202
10208 10208 10213 10213
10219 10219 10224 10224
10230 10230 10235 10235
10241 10241 10246 10246
10252 10252 10257 10257
10263 10263 10268 10268
10274 10274 10279 10279
10285 10285 10290 10290
10296 10296 10301 10301
10307 10307 10312 10312
10318 10318 10323 10323
10329 10329 10334 10334
10340 10340 10345 10345
10351 10351 10356 10356
10362 10362 10367 10367
10373 10373 10378 10378
10384 10384 10389 10389
10395 10395 10400 10400
10406 10406 10411 10411
10417 10417 10422 10422
10428 10428 10433 10433
10439 10439 10444 10444
10450 10450 10455 10455
10461 10461 10466 10466
10472 10472 10477 10477
10483 10483 10488 10488
10494 10494 10499 10499
10505 10505 10510 10510
10516 10516 10521 10521
10527 10527 10532 10532
10538 10538 10543 10543
10549 10549 10554 10554
10560 10560 10565 10565
10571 10571 10576 10576
10582 10582 10587 10587
10593 10593 10598 10598
10604 10604 10609 10609
10615 10615 10620 10620
10626 10626 10631 10631
10637 10637 10642 10642
10648 10648 10653 10653
10659 10659 10664 10664
10670 10670 10675 10675
10681 10681 10686 10686
10692 10692 10697 10697
10703 10703 10708 10708
10714 10714 10719 10719
10725 10725 10730 10730
10736 10736 10741 10741
10747 10747 10752 10752
10758 10758 10763 10763
10769 10769 10774 10774
10780 10780 10785 10785
10791 10791 10796 10796
10802 10802 10807 10807
10813 10813 10818 10818
10824 10824 10829 10829
10835 10835 10840 10840
10846 10846 10851 10851
10857 10857 10862 10862
10868 10868 10873 10873
10879 10879 10884 10884
10890 10890 10895 10895
10901 10901 10906 10906
10912 10912 10917 10917
10923 10923 10928 10928
10934 10934 10939 10939
10945 10945 10950 10950
10956 10956 10961 10961
10967 10967 10972 10972
10978 10978 10983 10983
10989 10989 10994 10994
100000001 100000001
100000001 100000001
100000001 100000001
100000001 100000001
100000001 100000001
100000001 100000001
100000001 100000001
100000001 100000001
100000001 100000001
100000001 100000001
100000001 100000001
100000001 100000001
100000001 100000001
100000001 100000001
100000001 100000001
100000001 100000001
100000001 100000001
100000001 100000001
100000001 100000001
100000001 100000001
100000001 100000001
100000001 100000001
100000001 100000001
100000001 100000001
100000001 100000001
100000001 100000001
100000001 100000001
100000001 100000001
100000001 100000001
100000001 100000001
100000001 100000001
100000001 100000001
100000001 100000001
100000001 100000001
100000001 100000001
100000001 100000001
100000001 100000001
100000001 100000001
100000001 100000001
100000001 100000001
100000001 100000001
100000001 100000001
100000001 100000001
100000001 100000001
100000001 100000001
100000001 100000001
100000001 100000001
100000001 100000001
100000001 100000001
100000001 100000001
100000001 100000001
100000001 100000001
100000001 100000001
100000001 100000001
100000001 100000001
100000001 100000001
100000001 100000001
100000001 100000001
100000001 100000001
100000001 100000001
100000001 100000001
100000001 100000001
100000001 100000001
100000001 100000001
100000001 100000001
100000001 100000001
100000001 100000001
100000001 100000001
100000001 100000001
100000001 100000001
100000001 100000001
100000001 100000001
100000001 100000001
100000001 100000001
100000001 100000001
100000001 100000001
100000001 100000001
100000001 100000001
100000001 100000001
100000001 100000001
100000001 100000001
100000001 100000001
100000001 100000001
100000001 100000001
100000001 100000001
100000001 100000001
100000001 100000001
100000001 100000001
100000001 100000001
100000001 100000001
100000001 100000001
100000001 100000001
100000001 100000001
100000001 100000001
100000001 100000001
100000001 100000001
100000001 100000001
100000001 100000001
100000001 100000001
100000001 100000001
100000001 100000001
100000001 100000001
100000001 100000001
100000001 100000001
100000001 100000001
100000001 100000001
100000001 100000001
100000001 100000001
100000001 100000001
100000001 100000001
100000001 100000001
100000001 100000001
100000001 100000001
100000001 100000001
100000001 100000001
100000001 100000001
100000001 100000001
100000001 100000001
100000001 100000001
100000001 100000001
100000001 100000001
100000001 100000001
100000001 100000001
100000001 100000001
100000001 100000001
100000001 100000001
100000001 100000001
100000001 100000001
100000001 100000001
100000001 100000001
100000001 100000001
100000001 100000001
100000001 100000001
100000001 100000001
100000001 100000001
100000001 100000001
100000001 100000001
100000001 100000001
100000001 100000001
100000001 100000001
100000001 100000001
100000001 100000001
100000001 100000001
100000001 100000001
100000001 100000001
100000001 100000001
100000001 100000001
100000001 100000001
100000001 100000001
100000001 100000001
100000001 100000001
100000001 100000001
100000001 100000001
100000001 100000001
100000001 100000001
100000001 100000001
100000001 100000001
100000001 100000001
100000001 100000001
100000001 100000001
100000001 100000001
100000001 100000001
100000001 100000001
100000001 100000001
100000001 100000001
100000001 100000001
100000001 100000001
100000001 100000001
100000001 100000001
100000001 100000001
100000001 100000001
100000001 100000001
100000001 100000001
100000001 100000001
100000001 100000001
100000001 100000001
100000001 100000001
100000001 100000001
100000001 100000001
100000001 100000001
100000001 100000001
100000001 100000001
100000001 100000001
100000001 100000001
100000001 100000001
100000001 100000001
100000001 100000001
100000001 100000001
100000001 100000001
100000001 100000001
100000001 100000001
100000001 100000001
100000001 100000001
100000001 100000001
100000001 100000001
100000001 100000001
100000001 100000001
100000001 100000001
100000001 100000001
100000001 100000001
100000001 100000001
100000001 100000001
100000001 100000001
100000001 100000001
100000001 100000001
100000001 100000001
100000001 100000001
100000001 100000001
100000001 100000001
100000001 100000001
100000001 100000001
100000001 100000001
100000001 100000001
100000001 100000001
100000001 100000001
100000001 100000001
100000001 100000001
100000001 100000001
100000001 100000001
100000001 100000001
100000001 100000001
100000001 100000001
100000001 100000001
100000001 100000001
100000001 100000001
100000001 100000001
100000001 100000001
100000001 100000001
100000001 100000001
100000001 100000001
100000001 100000001
100000001 100000001
100000001 100000001
100000001 100000001
100000001 100000001
100000001 100000001
100000001 100000001
100000001 100000001
100000001 100000001
100000001 100000001
100000001 100000001
100000001 100000001
100000001 100000001
100000001 100000001
100000001 100000001
100000001 100000001
100000001 100000001
100000001 100000001
100000001 100000001
100000001 100000001
100000001 100000001
100000001 100000001
100000001 100000001
100000001 100000001
100000001 100000001
100000001 100000001
100000001 100000001
100000001 100000001
100000001 100000001
100000001 100000001
100000001 100000001
100000001 100000001
100000001 100000001
100000001 100000001
100000001 100000001
100000001 100000001
100000001 100000001
100000001 100000001
100000001 100000001
100000001 100000001
100000001 100000001
100000001 100000001
100000001 100000001
100000001 100000001
100000001 100000001
100000001 100000001
100000001 100000001
100000001 100000001
100000001 100000001
100000001 100000001
100000001 100000001
100000001 100000001
100000001 100000001
100000001 100000001
100000001 100000001
100000001 100000001
100000001 100000001
100000001 100000001
100000001 100000001
100000001 100000001
100000001 100000001
100000001 100000001
100000001 100000001
100000001 100000001
100000001 100000001
100000001 100000001
100000001 100000001
100000001 100000001
100000001 100000001
100000001 100000001
100000001 100000001
100000001 100000001
100000001 100000001
100000001 100000001
100000001 100000001
100000001 100000001
100000001 100000001
100000001 100000001
100000001 100000001
100000001 100000001
100000001 100000001
100000001 100000001
100000001 100000001
100000001 100000001
100000001 100000001
100000001 100000001
100000001 100000001
100000001 100000001
100000001 100000001
100000001 100000001
100000001 100000001
100000001 100000001
100000001 100000001
100000001 100000001
100000001 100000001
100000001 100000001
100000001 100000001
100000001 100000001
100000001 100000001
100000001 100000001
100000001 100000001
100000001 100000001
100000001 100000001
100000001 100000001
100000001 100000001
100000001 100000001
100000001 100000001
100000001 100000001
100000001 100000001
100000001 100000001
100000001 100000001
100000001 100000001
100000001 100000001
100000001 100000001
100000001 100000001
100000001 100000001
100000001 100000001
100000001 100000001
100000001 100000001
100000001 100000001
100000001 100000001
100000001 100000001
100000001 100000001
100000001 100000001
100000001 100000001
100000001 100000001
100000001 100000001
100000001 100000001
100000001 100000001
100000001 100000001
100000001 100000001
100000001 100000001
100000001 100000001
100000001 100000001
100000001 100000001
100000001 100000001
100000001 100000001
100000001 100000001
100000001 100000001
100000001 100000001
100000001 100000001
100000001 100000001
100000001 100000001
100000001 100000001
100000001 100000001
100000001 100000001
100000001 100000001
100000001 100000001
100000001 100000001
100000001 100000001
100000001 100000001
100000001 100000001
100000001 100000001
100000001 100000001
100000001 100000001
100000001 100000001
100000001 100000001
100000001 100000001
100000001 100000001
100000001 100000001
100000001 100000001
100000001 100000001
100000001 100000001
100000001 100000001
100000001 100000001
100000001 100000001
100000001 100000001
100000001 100000001
100000001 100000001
100000001 100000001
100000001 100000001
100000001 100000001
100000001 100000001
100000001 100000001
100000001 100000001
100000001 100000001
100000001 100000001
100000001 100000001
100000001 100000001
100000001 100000001
100000001 100000001
100000001 100000001
100000001 100000001
100000001 100000001
100000001 100000001
100000001 100000001
100000001 100000001
100000001 100000001
100000001 100000001
100000001 100000001
100000001 100000001
100000001 100000001
100000001 100000001
100000001 100000001
100000001 100000001
100000001 100000001
100000001 100000001
100000001 100000001
100000001 100000001
100000001 100000001
100000001 100000001
100000001 100000001
100000001 100000001
100000001 100000001
100000001 100000001
100000001 100000001
100000001 100000001
100000001 100000001
100000001 100000001
100000001 100000001
100000001 100000001
100000001 100000001
100000001 100000001
100000001 100000001
100000001 100000001
100000001 100000001
100000001 100000001
100000001 100000001
100000001 100000001
100000001 100000001
100000001 100000001
100000001 100000001
100000001 100000001
100000001 100000001
100000001 100000001
100000001 100000001
100000001 100000001
100000001 100000001
100000001 100000001
100000001 100000001
100000001 100000001
100000001 100000001
100000001 100000001
100000001 100000001
100000001 100000001
100000001 100000001
100000001 100000001
100000001 100000001
100000001 100000001
100000001 100000001
100000001 100000001
100000001 100000001
100000001 100000001
100000001 100000001
100000001 100000001
100000001 100000001
100000001 100000001
100000001 100000001
100000001 100000001
100000001 100000001
100000001 100000001
100000001 100000001
100000001 100000001
100000001 100000001
100000001 100000001
100000001 100000001
100000001 100000001
100000001 100000001
100000001 100000001
100000001 100000001
100000001 100000001
100000001 100000001
100000001 100000001
100000001 100000001
100000001 100000001
100000001 100000001
100000001 100000001
100000001 100000001
100000001 100000001
100000001 100000001
100000001 100000001
100000001 100000001
100000001 100000001
100000001 100000001
100000001 100000001
100000001 100000001
100000001 100000001
100000001 100000001
100000001 100000001
100000001 100000001
100000001 100000001
100000001 100000001
100000001 100000001
100000001 100000001
100000001 100000001
100000001 100000001
100000001 100000001
100000001 100000001
100000001 100000001
100000001 100000001
100000001 100000001
100000001 100000001
100000001 100000001
100000001 100000001
100000001 100000001
100000001 100000001
100000001 100000001
100000001 100000001
100000001 100000001
100000001 100000001
100000001 100000001
100000001 100000001
100000001 100000001
100000001 100000001
100000001 100000001
100000001 100000001
100000001 100000001
100000001 100000001
100000001 100000001
100000001 100000001
100000001 100000001
100000001 100000001
100000001 100000001
100000001 100000001
100000001 100000001
100000001 100000001
100000001 100000001
100000001 100000001
100000001 100000001
100000001 100000001
100000001 100000001
100000001 100000001
100000001 100000001
100000001 100000001
100000001 100000001
100000001 100000001
100000001 100000001
100000001 100000001
100000001 100000001
100000001 100000001
100000001 100000001
100000001 100000001
100000001 100000001
100000001 100000001
100000001 100000001
100000001 100000001
100000001 100000001
100000001 100000001
100000001 100000001
100000001 100000001
100000001 100000001
100000001 100000001
100000001 100000001
100000001 100000001
100000001 100000001
100000001 100000001
100000001 100000001
100000001 100000001
100000001 100000001
100000001 100000001
100000001 100000001
100000001 100000001
100000001 100000001
100000001 100000001
100000001 100000001
100000001 100000001
100000001 100000001
100000001 100000001
100000001 100000001
100000001 100000001
100000001 100000001
100000001 100000001
100000001 100000001
100000001 100000001
100000001 100000001
100000001 100000001
100000001 100000001
100000001 100000001
100000001 100000001
100000001 100000001
100000001 100000001
100000001 100000001
100000001 100000001
100000001 100000001
100000001 100000001
100000001 100000001
100000001 100000001
100000001 100000001
100000001 100000001
100000001 100000001
100000001 100000001
100000001 100000001
100000001 100000001
100000001 100000001
100000001 100000001
100000001 100000001
100000001 100000001
100000001 100000001
100000001 100000001
100000001 100000001
100000001 100000001
100000001 100000001
100000001 100000001
100000001 100000001
100000001 100000001
100000001 100000001
100000001 100000001
100000001 100000001
100000001 100000001
100000001 100000001
100000001 100000001
100000001 100000001
100000001 100000001
100000001 100000001
100000001 100000001
100000001 100000001
100000001 100000001
100000001 100000001
100000001 100000001
100000001 100000001
100000001 100000001
100000001 100000001
100000001 100000001
100000001 100000001
100000001 100000001
100000001 100000001
100000001 100000001
100000001 100000001
100000001 100000001
100000001 100000001
100000001 100000001
100000001 100000001
100000001 100000001
100000001 100000001
100000001 100000001
100000001 100000001
100000001 100000001
100000001 100000001
100000001 100000001
100000001 100000001
100000001 100000001
100000001 100000001
100000001 100000001
100000001 100000001
100000001 100000001
100000001 100000001
100000001 100000001
100000001 100000001
100000001 100000001
100000001 100000001
100000001 100000001
100000001 100000001
100000001 100000001
100000001 100000001
100000001 100000001
100000001 100000001
100000001 100000001
100000001 100000001
100000001 100000001
100000001 100000001
100000001 100000001
100000001 100000001
100000001 100000001
100000001 100000001
100000001 100000001
100000001 100000001
100000001 100000001
100000001 100000001
100000001 100000001
100000001 100000001
100000001 100000001
100000001 100000001
100000001 100000001
100000001 100000001
100000001 100000001
100000001 100000001
100000001 100000001
100000001 100000001
100000001 100000001
100000001 100000001
100000001 100000001
100000001 100000001
100000001 100000001
100000001 100000001
100000001 100000001
100000001 100000001
100000001 100000001
100000001 100000001
100000001 100000001
100000001 100000001
100000001 100000001
100000001 100000001
100000001 100000001
100000001 100000001
100000001 100000001
100000001 100000001
100000001 100000001
100000001 100000001
100000001 100000001
100000001 100000001
100000001 100000001
100000001 100000001
100000001 100000001
100000001 100000001
100000001 100000001
100000001 100000001
100000001 100000001
100000001 100000001
100000001 100000001
100000001 100000001
100000001 100000001
100000001 100000001
100000001 100000001
100000001 100000001
100000001 100000001
100000001 100000001
100000001 100000001
100000001 100000001
100000001 100000001
100000001 100000001
100000001 100000001
100000001 100000001
100000001 100000001
100000001 100000001
100000001 100000001
100000001 100000001
100000001 100000001
100000001 100000001
100000001 100000001
100000001 100000001
100000001 100000001
100000001 100000001
100000001 100000001
100000001 100000001
100000001 100000001
100000001 100000001
100000001 100000001
100000001 100000001
100000001 100000001
100000001 100000001
100000001 100000001
100000001 100000001
100000001 100000001
100000001 100000001
100000001 100000001
100000001 100000001
100000001 100000001
100000001 100000001
100000001 100000001
100000001 100000001
100000001 100000001
100000001 100000001
100000001 100000001
100000001 100000001
100000001 100000001
100000001 100000001
100000001 100000001
100000001 100000001
100000001 100000001
100000001 100000001
100000001 100000001
100000001 100000001
100000001 100000001
100000001 100000001
100000001 100000001
100000001 100000001
100000001 100000001
100000001 100000001
100000001 100000001
100000001 100000001
100000001 100000001
100000001 100000001
100000001 100000001
100000001 100000001
100000001 100000001
100000001 100000001
100000001 100000001
100000001 100000001
100000001 100000001
100000001 100000001
100000001 100000001
100000001 100000001
100000001 100000001
100000001 100000001
100000001 100000001
100000001 100000001
100000001 100000001
100000001 100000001
100000001 100000001
100000001 100000001
100000001 100000001
100000001 100000001
100000001 100000001
100000001 100000001
100000001 100000001
100000001 100000001
100000001 100000001
100000001 100000001
100000001 100000001
100000001 100000001
100000001 100000001
100000001 100000001
100000001 100000001
100000001 100000001
100000001 100000001
100000001 100000001
100000001 100000001
100000001 100000001
100000001 100000001
100000001 100000001
100000001 100000001
100000001 100000001
100000001 100000001
100000001 100000001
100000001 100000001
100000001 100000001
100000001 100000001
100000001 100000001
100000001 100000001
100000001 100000001
100000001 100000001
100000001 100000001
100000001 100000001
100000001 100000001
100000001 100000001
100000001 100000001
100000001 100000001
100000001 100000001
100000001 100000001
100000001 100000001
100000001 100000001
100000001 100000001
100000001 100000001
100000001 100000001
100000001 100000001
100000001 100000001
100000001 100000001
100000001 100000001
100000001 100000001
100000001 100000001
100000001 100000001
100000001 100000001
100000001 100000001
100000001 100000001
100000001 100000001
100000001 100000001
100000001 100000001
100000001 100000001
100000001 100000001
100000001 100000001
100000001 100000001
100000001 100000001
100000001 100000001
100000001 100000001
100000001 100000001
100000001 100000001
100000001 100000001
100000001 100000001
100000001 100000001
100000001 100000001
100000001 100000001
100000001 100000001
100000001 100000001
100000001 100000001
100000001 100000001
100000001 100000001
100000001 100000001
100000001 100000001
100000001 100000001
100000001 100000001
100000001 100000001
100000001 100000001
100000001 100000001
100000001 100000001
100000001 100000001
100000001 100000001
100000001 100000001
100000001 100000001
100000001 100000001
100000001 100000001
100000001 100000001
100000001 100000001
100000001 100000001
100000001 100000001
100000001 100000001
100000001 100000001
100000001 100000001
100000001 100000001
100000001 100000001
100000001 100000001
100000001 100000001
100000001 100000001
100000001 100000001
100000001 100000001
100000001 100000001
100000001 100000001
100000001 100000001
100000001 100000001
100000001 100000001
100000001 100000001
100000001 100000001
100000001 100000001
100000001 100000001
100000001 100000001
100000001 100000001
100000001 100000001
100000001 100000001
100000001 100000001
100000001 100000001
100000001 100000001
100000001 100000001
100000001 100000001
100000001 100000001
100000001 100000001
100000001 100000001
100000001 100000001
100000001 100000001
100000001 100000001
100000001 100000001
100000001 100000001
100000001 100000001
100000001 100000001
100000001 100000001
100000001 100000001
100000001 100000001
100000001 100000001
100000001 100000001
100000001 100000001
100000001 100000001
100000001 100000001
100000001 100000001
100000001 100000001
100000001 100000001
100000001 100000001
100000001 100000001
100000001 100000001
100000001 100000001
100000001 100000001
100000001 100000001
100000001 100000001
100000001 100000001
100000001 100000001
100000001 100000001
100000001 100000001
100000001 100000001
100000001 100000001
100000001 100000001
100000001 100000001
100000001 100000001
100000001 100000001
100000001 100000001
100000001 100000001
100000001 100000001
100000001 100000001
100000001 100000001
100000001 100000001
100000001 100000001
100000001 100000001
100000001 100000001
100000001 100000001
100000001 100000001
100000001 100000001
100000001 100000001
100000001 100000001
100000001 100000001
100000001 100000001
100000001 100000001
100000001 100000001
100000001 100000001
100000001 100000001
100000001 100000001
100000001 100000001
100000001 100000001
100000001 100000001
100000001 100000001
100000001 100000001
100000001 100000001
100000001 100000001
100000001 100000001
100000001 100000001
>>>>>>> 7c6ff464c983ee4adc84ad7d4b51e2d6cff1f96e
